> Task :compileJava NO-SOURCE
> Task :enterprise:processResources NO-SOURCE
> Task :processResources NO-SOURCE
> Task :enterprise:processTestResources NO-SOURCE
> Task :classes UP-TO-DATE
> Task :compileTestJava NO-SOURCE
> Task :processTestResources NO-SOURCE
> Task :testClasses UP-TO-DATE
> Task :test NO-SOURCE
> Task :core:compileJava UP-TO-DATE
> Task :core:processResources UP-TO-DATE
> Task :core:classes UP-TO-DATE
> Task :core:jar UP-TO-DATE
> Task :enterprise:compileJava UP-TO-DATE
> Task :enterprise:classes UP-TO-DATE
> Task :enterprise:compileTestJava NO-SOURCE
> Task :enterprise:testClasses UP-TO-DATE
> Task :enterprise:test NO-SOURCE
> Task :core:compileTestJava UP-TO-DATE
> Task :core:processTestResources NO-SOURCE
> Task :core:testClasses UP-TO-DATE
OpenJDK 64-Bit Server VM warning: Sharing is only supported for boot loader classes because bootstrap classpath has been appended
2026-01-04 19:39:46 - Scheduler quartzScheduler_$_NON_CLUSTERED paused.

> Task :core:test

ForgeIntegrationTest > triggerDistillation_ShouldCreateJob_WhenEnoughData() FAILED
    jakarta.servlet.ServletException at ForgeIntegrationTest.java:100
        Caused by: org.springframework.dao.InvalidDataAccessResourceUsageException at ForgeIntegrationTest.java:100
            Caused by: org.hibernate.exception.SQLGrammarException at ForgeIntegrationTest.java:100
                Caused by: org.h2.jdbc.JdbcSQLSyntaxErrorException at ForgeIntegrationTest.java:100

ForgeIntegrationTest > getJobs_ShouldReturnList() FAILED
    org.springframework.dao.InvalidDataAccessResourceUsageException at ForgeIntegrationTest.java:120
        Caused by: org.hibernate.exception.SQLGrammarException at ForgeIntegrationTest.java:120
            Caused by: org.h2.jdbc.JdbcSQLSyntaxErrorException at ForgeIntegrationTest.java:120

2026-01-04 19:39:48 - Shutting down Quartz Scheduler
2026-01-04 19:39:48 - Scheduler quartzScheduler_$_NON_CLUSTERED shutting down.
2026-01-04 19:39:48 - Scheduler quartzScheduler_$_NON_CLUSTERED paused.
2026-01-04 19:39:48 - Scheduler quartzScheduler_$_NON_CLUSTERED shutdown complete.
2026-01-04 19:39:48 - Closing JPA EntityManagerFactory for persistence unit 'default'
2026-01-04 19:39:48 - HikariPool-1 - Shutdown initiated...
2026-01-04 19:39:48 - HikariPool-1 - Shutdown completed.

> Task :core:test FAILED

2 tests completed, 2 failed

FAILURE: Build failed with an exception.

* What went wrong:
Execution failed for task ':core:test'.
> There were failing tests. See the report at: file:///Users/atharva.joshi/PycharmProjects/NeuroGate/core/build/reports/tests/test/index.html

* Try:
> Run with --scan to get full insights.

BUILD FAILED in 9s
6 actionable tasks: 1 executed, 5 up-to-date
